{
    "test": {
        "Filename": "gif-xmp.gif",
        "Comment": "GIF with XMP metadata (injected with exiftool)"
    },
    "metadata": {
        "@graph": [
	    {
		"@type": [
		    "nfo:Image",
		    "nmm:Photo"
		],
		"nie:description": "Test file for the tracker XMP extraction",
		"nie:title": "A random GIF",
                "nao:hasTag": [
                    {
                        "@id": "urn:tag:Cool",
                        "nao:prefLabel": "Cool",
                        "@type": "nao:Tag"
                    },
                    {
                        "@id": "urn:tag:favourite",
                        "nao:prefLabel": "favourite",
                        "@type": "nao:Tag"
                    },
                    {
                        "@id": "urn:tag:nice",
                        "nao:prefLabel": "nice",
                        "@type": "nao:Tag"
                    }
                ],
		"dc:identifier": "test-file-01-world-domination-path",
		"dc:source": "http://www.fotonatura.org/revista/articulos/293/3/",
		"dc:language": "es_ES",
		"dc:coverage": "from Helsinki all around the world",
		"nfo:width": "165",
		"nfo:height": "66"
	    }
	]
    }
}
