{
    "test": {
        "Filename": "png-photo-1.png",
        "Comment": "PNG Photograph example"
    },
    "metadata": {
        "@graph": [
	    {
                "@type": [
                    "nfo:Image",
                    "nmm:Photo"
                ],
                "dc:format": "image/png",
                "nfo:orientation": {
                    "@id": "nfo:orientation-top"
                },
                "nao:numericRating": "5",
                "nie:description": "Photograph description",
                "nao:hasTag": [
                    {
                        "@id": "urn:tag:amazing",
                        "nao:prefLabel": "amazing",
                        "@type": "nao:Tag"
                    },
                    {
                        "@id": "urn:tag:bright",
                        "nao:prefLabel": "bright",
                        "@type": "nao:Tag"
                    }
                ],
                "nmm:dlnaProfile": "PNG_TN",
                "nfo:width": 10,
                "nie:title": "Photograph",
                "nie:copyright": "Copyright",
                "nmm:dlnaMime": "image/png",
                "nie:comment": "Created with GIMP",
                "nfo:height": 10
	    }
	]
    }
}
